[1.046s] Invoking command in '/home/vignesh/turtlebot3_ws/src/line_follower_pkg': PYTHONPATH=/home/vignesh/turtlebot3_ws/build/line_follower_pkg/prefix_override:/usr/lib/python3/dist-packages/colcon_core/task/python/colcon_distutils_commands:/home/vignesh/turtlebot3_ws/install/line_follower_pkg/lib/python3.10/site-packages:${PYTHONPATH} /usr/bin/python3 -W ignore:setup.py install is deprecated -W ignore:easy_install command is deprecated setup.py egg_info --egg-base ../../build/line_follower_pkg build --build-base /home/vignesh/turtlebot3_ws/build/line_follower_pkg/build install --record /home/vignesh/turtlebot3_ws/build/line_follower_pkg/install.log --single-version-externally-managed install_data
[1.273s] running egg_info
[1.275s] writing ../../build/line_follower_pkg/line_follower_pkg.egg-info/PKG-INFO
[1.276s] writing dependency_links to ../../build/line_follower_pkg/line_follower_pkg.egg-info/dependency_links.txt
[1.277s] writing entry points to ../../build/line_follower_pkg/line_follower_pkg.egg-info/entry_points.txt
[1.277s] writing requirements to ../../build/line_follower_pkg/line_follower_pkg.egg-info/requires.txt
[1.277s] writing top-level names to ../../build/line_follower_pkg/line_follower_pkg.egg-info/top_level.txt
[1.280s] reading manifest file '../../build/line_follower_pkg/line_follower_pkg.egg-info/SOURCES.txt'
[1.281s] writing manifest file '../../build/line_follower_pkg/line_follower_pkg.egg-info/SOURCES.txt'
[1.281s] running build
[1.281s] running build_py
[1.282s] copying line_follower_pkg/line_follower.py -> /home/vignesh/turtlebot3_ws/build/line_follower_pkg/build/lib/line_follower_pkg
[1.283s] running install
[1.283s] running install_lib
[1.284s] copying /home/vignesh/turtlebot3_ws/build/line_follower_pkg/build/lib/line_follower_pkg/line_follower.py -> /home/vignesh/turtlebot3_ws/install/line_follower_pkg/lib/python3.10/site-packages/line_follower_pkg
[1.285s] byte-compiling /home/vignesh/turtlebot3_ws/install/line_follower_pkg/lib/python3.10/site-packages/line_follower_pkg/line_follower.py to line_follower.cpython-310.pyc
[1.286s] running install_data
[1.286s] running install_egg_info
[1.287s] removing '/home/vignesh/turtlebot3_ws/install/line_follower_pkg/lib/python3.10/site-packages/line_follower_pkg-0.0.0-py3.10.egg-info' (and everything under it)
[1.288s] Copying ../../build/line_follower_pkg/line_follower_pkg.egg-info to /home/vignesh/turtlebot3_ws/install/line_follower_pkg/lib/python3.10/site-packages/line_follower_pkg-0.0.0-py3.10.egg-info
[1.289s] running install_scripts
[1.312s] Installing line_follower script to /home/vignesh/turtlebot3_ws/install/line_follower_pkg/lib/line_follower_pkg
[1.315s] writing list of installed files to '/home/vignesh/turtlebot3_ws/build/line_follower_pkg/install.log'
[1.352s] Invoked command in '/home/vignesh/turtlebot3_ws/src/line_follower_pkg' returned '0': PYTHONPATH=/home/vignesh/turtlebot3_ws/build/line_follower_pkg/prefix_override:/usr/lib/python3/dist-packages/colcon_core/task/python/colcon_distutils_commands:/home/vignesh/turtlebot3_ws/install/line_follower_pkg/lib/python3.10/site-packages:${PYTHONPATH} /usr/bin/python3 -W ignore:setup.py install is deprecated -W ignore:easy_install command is deprecated setup.py egg_info --egg-base ../../build/line_follower_pkg build --build-base /home/vignesh/turtlebot3_ws/build/line_follower_pkg/build install --record /home/vignesh/turtlebot3_ws/build/line_follower_pkg/install.log --single-version-externally-managed install_data
