-- Install configuration: ""
-- Up-to-date: /home/vignesh/turtlebot3_ws/install/my_worlds/share/ament_index/resource_index/package_run_dependencies/my_worlds
-- Up-to-date: /home/vignesh/turtlebot3_ws/install/my_worlds/share/ament_index/resource_index/parent_prefix_path/my_worlds
-- Up-to-date: /home/vignesh/turtlebot3_ws/install/my_worlds/share/my_worlds/environment/ament_prefix_path.sh
-- Up-to-date: /home/vignesh/turtlebot3_ws/install/my_worlds/share/my_worlds/environment/ament_prefix_path.dsv
-- Up-to-date: /home/vignesh/turtlebot3_ws/install/my_worlds/share/my_worlds/environment/path.sh
-- Up-to-date: /home/vignesh/turtlebot3_ws/install/my_worlds/share/my_worlds/environment/path.dsv
-- Up-to-date: /home/vignesh/turtlebot3_ws/install/my_worlds/share/my_worlds/local_setup.bash
-- Up-to-date: /home/vignesh/turtlebot3_ws/install/my_worlds/share/my_worlds/local_setup.sh
-- Up-to-date: /home/vignesh/turtlebot3_ws/install/my_worlds/share/my_worlds/local_setup.zsh
-- Up-to-date: /home/vignesh/turtlebot3_ws/install/my_worlds/share/my_worlds/local_setup.dsv
-- Installing: /home/vignesh/turtlebot3_ws/install/my_worlds/share/my_worlds/package.dsv
-- Up-to-date: /home/vignesh/turtlebot3_ws/install/my_worlds/share/ament_index/resource_index/packages/my_worlds
-- Up-to-date: /home/vignesh/turtlebot3_ws/install/my_worlds/share/my_worlds/cmake/my_worldsConfig.cmake
-- Up-to-date: /home/vignesh/turtlebot3_ws/install/my_worlds/share/my_worlds/cmake/my_worldsConfig-version.cmake
-- Up-to-date: /home/vignesh/turtlebot3_ws/install/my_worlds/share/my_worlds/package.xml
-- Up-to-date: /home/vignesh/turtlebot3_ws/install/my_worlds/share/my_worlds/launch
-- Up-to-date: /home/vignesh/turtlebot3_ws/install/my_worlds/share/my_worlds/launch/line_world.launch.py
-- Up-to-date: /home/vignesh/turtlebot3_ws/install/my_worlds/share/my_worlds/worlds
-- Up-to-date: /home/vignesh/turtlebot3_ws/install/my_worlds/share/my_worlds/worlds/line_world.world
