[0.654s] Invoking command in '/home/vignesh/turtlebot3_ws/src/line_follower_pkg': PYTHONPATH=/home/vignesh/turtlebot3_ws/build/line_follower_pkg/prefix_override:/usr/lib/python3/dist-packages/colcon_core/task/python/colcon_distutils_commands:/home/vignesh/turtlebot3_ws/install/line_follower_pkg/lib/python3.10/site-packages:${PYTHONPATH} /usr/bin/python3 -W ignore:setup.py install is deprecated -W ignore:easy_install command is deprecated setup.py egg_info --egg-base ../../build/line_follower_pkg build --build-base /home/vignesh/turtlebot3_ws/build/line_follower_pkg/build install --record /home/vignesh/turtlebot3_ws/build/line_follower_pkg/install.log --single-version-externally-managed install_data
[0.885s] running egg_info
[0.886s] writing ../../build/line_follower_pkg/line_follower_pkg.egg-info/PKG-INFO
[0.886s] writing dependency_links to ../../build/line_follower_pkg/line_follower_pkg.egg-info/dependency_links.txt
[0.886s] writing entry points to ../../build/line_follower_pkg/line_follower_pkg.egg-info/entry_points.txt
[0.887s] writing requirements to ../../build/line_follower_pkg/line_follower_pkg.egg-info/requires.txt
[0.887s] writing top-level names to ../../build/line_follower_pkg/line_follower_pkg.egg-info/top_level.txt
[0.890s] reading manifest file '../../build/line_follower_pkg/line_follower_pkg.egg-info/SOURCES.txt'
[0.891s] writing manifest file '../../build/line_follower_pkg/line_follower_pkg.egg-info/SOURCES.txt'
[0.891s] running build
[0.892s] running build_py
[0.892s] copying line_follower_pkg/line_follower.py -> /home/vignesh/turtlebot3_ws/build/line_follower_pkg/build/lib/line_follower_pkg
[0.893s] running install
[0.894s] running install_lib
[0.894s] copying /home/vignesh/turtlebot3_ws/build/line_follower_pkg/build/lib/line_follower_pkg/line_follower.py -> /home/vignesh/turtlebot3_ws/install/line_follower_pkg/lib/python3.10/site-packages/line_follower_pkg
[0.895s] byte-compiling /home/vignesh/turtlebot3_ws/install/line_follower_pkg/lib/python3.10/site-packages/line_follower_pkg/line_follower.py to line_follower.cpython-310.pyc
[0.896s] running install_data
[0.896s] running install_egg_info
[0.898s] removing '/home/vignesh/turtlebot3_ws/install/line_follower_pkg/lib/python3.10/site-packages/line_follower_pkg-0.0.0-py3.10.egg-info' (and everything under it)
[0.898s] Copying ../../build/line_follower_pkg/line_follower_pkg.egg-info to /home/vignesh/turtlebot3_ws/install/line_follower_pkg/lib/python3.10/site-packages/line_follower_pkg-0.0.0-py3.10.egg-info
[0.899s] running install_scripts
[0.921s] Installing line_follower script to /home/vignesh/turtlebot3_ws/install/line_follower_pkg/lib/line_follower_pkg
[0.923s] writing list of installed files to '/home/vignesh/turtlebot3_ws/build/line_follower_pkg/install.log'
[0.953s] Invoked command in '/home/vignesh/turtlebot3_ws/src/line_follower_pkg' returned '0': PYTHONPATH=/home/vignesh/turtlebot3_ws/build/line_follower_pkg/prefix_override:/usr/lib/python3/dist-packages/colcon_core/task/python/colcon_distutils_commands:/home/vignesh/turtlebot3_ws/install/line_follower_pkg/lib/python3.10/site-packages:${PYTHONPATH} /usr/bin/python3 -W ignore:setup.py install is deprecated -W ignore:easy_install command is deprecated setup.py egg_info --egg-base ../../build/line_follower_pkg build --build-base /home/vignesh/turtlebot3_ws/build/line_follower_pkg/build install --record /home/vignesh/turtlebot3_ws/build/line_follower_pkg/install.log --single-version-externally-managed install_data
