[0.404s] DEBUG:colcon:Command line arguments: ['/usr/bin/colcon', 'build']
[0.404s] DEBUG:colcon:Parsed command line arguments: Namespace(log_base=None, log_level=None, verb_name='build', build_base='build', install_base='install', merge_install=False, symlink_install=False, test_result_base=None, continue_on_error=False, executor='parallel', parallel_workers=16, event_handlers=None, ignore_user_meta=False, metas=['./colcon.meta'], base_paths=['.'], packages_ignore=None, packages_ignore_regex=None, paths=None, packages_up_to=None, packages_up_to_regex=None, packages_above=None, packages_above_and_dependencies=None, packages_above_depth=None, packages_select_by_dep=None, packages_skip_by_dep=None, packages_skip_up_to=None, packages_select_build_failed=False, packages_skip_build_finished=False, packages_select_test_failures=False, packages_skip_test_passed=False, packages_select=None, packages_skip=None, packages_select_regex=None, packages_skip_regex=None, packages_start=None, packages_end=None, allow_overriding=[], cmake_args=None, cmake_target=None, cmake_target_skip_unavailable=False, cmake_clean_cache=False, cmake_clean_first=False, cmake_force_configure=False, ament_cmake_args=None, catkin_cmake_args=None, catkin_skip_building_tests=False, mixin_files=None, mixin=None, verb_parser=<colcon_mixin.mixin.mixin_argument.MixinArgumentDecorator object at 0x745611f4b5b0>, verb_extension=<colcon_core.verb.build.BuildVerb object at 0x74561208c520>, main=<bound method BuildVerb.main of <colcon_core.verb.build.BuildVerb object at 0x74561208c520>>, mixin_verb=('build',))
[0.578s] Level 1:colcon.colcon_core.package_discovery:discover_packages(colcon_meta) check parameters
[0.578s] Level 1:colcon.colcon_core.package_discovery:discover_packages(recursive) check parameters
[0.578s] Level 1:colcon.colcon_core.package_discovery:discover_packages(ignore) check parameters
[0.578s] Level 1:colcon.colcon_core.package_discovery:discover_packages(path) check parameters
[0.578s] Level 1:colcon.colcon_core.package_discovery:discover_packages(colcon_meta) discover
[0.578s] Level 1:colcon.colcon_core.package_discovery:discover_packages(recursive) discover
[0.578s] INFO:colcon.colcon_core.package_discovery:Crawling recursively for packages in '/home/vignesh/turtlebot3_ws'
[0.578s] Level 1:colcon.colcon_core.package_identification:_identify(.) by extensions ['ignore', 'ignore_ament_install']
[0.578s] Level 1:colcon.colcon_core.package_identification:_identify(.) by extension 'ignore'
[0.579s] Level 1:colcon.colcon_core.package_identification:_identify(.) by extension 'ignore_ament_install'
[0.579s] Level 1:colcon.colcon_core.package_identification:_identify(.) by extensions ['colcon_pkg']
[0.579s] Level 1:colcon.colcon_core.package_identification:_identify(.) by extension 'colcon_pkg'
[0.579s] Level 1:colcon.colcon_core.package_identification:_identify(.) by extensions ['colcon_meta']
[0.579s] Level 1:colcon.colcon_core.package_identification:_identify(.) by extension 'colcon_meta'
[0.579s] Level 1:colcon.colcon_core.package_identification:_identify(.) by extensions ['ros']
[0.579s] Level 1:colcon.colcon_core.package_identification:_identify(.) by extension 'ros'
[0.590s] Level 1:colcon.colcon_core.package_identification:_identify(.) by extensions ['cmake', 'python']
[0.590s] Level 1:colcon.colcon_core.package_identification:_identify(.) by extension 'cmake'
[0.590s] Level 1:colcon.colcon_core.package_identification:_identify(.) by extension 'python'
[0.590s] Level 1:colcon.colcon_core.package_identification:_identify(.) by extensions ['python_setup_py']
[0.590s] Level 1:colcon.colcon_core.package_identification:_identify(.) by extension 'python_setup_py'
[0.591s] Level 1:colcon.colcon_core.package_identification:_identify(build) by extensions ['ignore', 'ignore_ament_install']
[0.591s] Level 1:colcon.colcon_core.package_identification:_identify(build) by extension 'ignore'
[0.591s] Level 1:colcon.colcon_core.package_identification:_identify(build) ignored
[0.591s] Level 1:colcon.colcon_core.package_identification:_identify(install) by extensions ['ignore', 'ignore_ament_install']
[0.591s] Level 1:colcon.colcon_core.package_identification:_identify(install) by extension 'ignore'
[0.591s] Level 1:colcon.colcon_core.package_identification:_identify(install) ignored
[0.591s] Level 1:colcon.colcon_core.package_identification:_identify(log) by extensions ['ignore', 'ignore_ament_install']
[0.591s] Level 1:colcon.colcon_core.package_identification:_identify(log) by extension 'ignore'
[0.591s] Level 1:colcon.colcon_core.package_identification:_identify(log) ignored
[0.591s] Level 1:colcon.colcon_core.package_identification:_identify(src) by extensions ['ignore', 'ignore_ament_install']
[0.591s] Level 1:colcon.colcon_core.package_identification:_identify(src) by extension 'ignore'
[0.591s] Level 1:colcon.colcon_core.package_identification:_identify(src) by extension 'ignore_ament_install'
[0.591s] Level 1:colcon.colcon_core.package_identification:_identify(src) by extensions ['colcon_pkg']
[0.591s] Level 1:colcon.colcon_core.package_identification:_identify(src) by extension 'colcon_pkg'
[0.591s] Level 1:colcon.colcon_core.package_identification:_identify(src) by extensions ['colcon_meta']
[0.591s] Level 1:colcon.colcon_core.package_identification:_identify(src) by extension 'colcon_meta'
[0.592s] Level 1:colcon.colcon_core.package_identification:_identify(src) by extensions ['ros']
[0.592s] Level 1:colcon.colcon_core.package_identification:_identify(src) by extension 'ros'
[0.592s] Level 1:colcon.colcon_core.package_identification:_identify(src) by extensions ['cmake', 'python']
[0.592s] Level 1:colcon.colcon_core.package_identification:_identify(src) by extension 'cmake'
[0.592s] Level 1:colcon.colcon_core.package_identification:_identify(src) by extension 'python'
[0.592s] Level 1:colcon.colcon_core.package_identification:_identify(src) by extensions ['python_setup_py']
[0.592s] Level 1:colcon.colcon_core.package_identification:_identify(src) by extension 'python_setup_py'
[0.592s] Level 1:colcon.colcon_core.package_identification:_identify(src/line_follower_pkg) by extensions ['ignore', 'ignore_ament_install']
[0.592s] Level 1:colcon.colcon_core.package_identification:_identify(src/line_follower_pkg) by extension 'ignore'
[0.592s] Level 1:colcon.colcon_core.package_identification:_identify(src/line_follower_pkg) by extension 'ignore_ament_install'
[0.592s] Level 1:colcon.colcon_core.package_identification:_identify(src/line_follower_pkg) by extensions ['colcon_pkg']
[0.592s] Level 1:colcon.colcon_core.package_identification:_identify(src/line_follower_pkg) by extension 'colcon_pkg'
[0.592s] Level 1:colcon.colcon_core.package_identification:_identify(src/line_follower_pkg) by extensions ['colcon_meta']
[0.592s] Level 1:colcon.colcon_core.package_identification:_identify(src/line_follower_pkg) by extension 'colcon_meta'
[0.592s] Level 1:colcon.colcon_core.package_identification:_identify(src/line_follower_pkg) by extensions ['ros']
[0.592s] Level 1:colcon.colcon_core.package_identification:_identify(src/line_follower_pkg) by extension 'ros'
[0.597s] DEBUG:colcon.colcon_core.package_identification:Package 'src/line_follower_pkg' with type 'ros.ament_python' and name 'line_follower_pkg'
[0.597s] Level 1:colcon.colcon_core.package_identification:_identify(src/my_worlds) by extensions ['ignore', 'ignore_ament_install']
[0.597s] Level 1:colcon.colcon_core.package_identification:_identify(src/my_worlds) by extension 'ignore'
[0.597s] Level 1:colcon.colcon_core.package_identification:_identify(src/my_worlds) by extension 'ignore_ament_install'
[0.597s] Level 1:colcon.colcon_core.package_identification:_identify(src/my_worlds) by extensions ['colcon_pkg']
[0.597s] Level 1:colcon.colcon_core.package_identification:_identify(src/my_worlds) by extension 'colcon_pkg'
[0.597s] Level 1:colcon.colcon_core.package_identification:_identify(src/my_worlds) by extensions ['colcon_meta']
[0.597s] Level 1:colcon.colcon_core.package_identification:_identify(src/my_worlds) by extension 'colcon_meta'
[0.597s] Level 1:colcon.colcon_core.package_identification:_identify(src/my_worlds) by extensions ['ros']
[0.597s] Level 1:colcon.colcon_core.package_identification:_identify(src/my_worlds) by extension 'ros'
[0.598s] DEBUG:colcon.colcon_core.package_identification:Package 'src/my_worlds' with type 'ros.ament_cmake' and name 'my_worlds'
[0.598s] Level 1:colcon.colcon_core.package_discovery:discover_packages(recursive) using defaults
[0.598s] Level 1:colcon.colcon_core.package_discovery:discover_packages(ignore) discover
[0.598s] Level 1:colcon.colcon_core.package_discovery:discover_packages(ignore) using defaults
[0.598s] Level 1:colcon.colcon_core.package_discovery:discover_packages(path) discover
[0.598s] Level 1:colcon.colcon_core.package_discovery:discover_packages(path) using defaults
[0.635s] Level 1:colcon.colcon_core.package_discovery:discover_packages(prefix_path) check parameters
[0.635s] Level 1:colcon.colcon_core.package_discovery:discover_packages(prefix_path) discover
[0.637s] DEBUG:colcon.colcon_installed_package_information.package_discovery:Found 2 installed packages in /home/vignesh/turtlebot3_ws/install
[0.638s] DEBUG:colcon.colcon_installed_package_information.package_discovery:Found 12 installed packages in /home/vignesh/ros2_ws/install
[0.639s] DEBUG:colcon.colcon_installed_package_information.package_discovery:Found 474 installed packages in /opt/ros/humble
[0.642s] Level 1:colcon.colcon_core.package_discovery:discover_packages(prefix_path) using defaults
[0.700s] Level 5:colcon.colcon_core.verb:set package 'line_follower_pkg' build argument 'cmake_args' from command line to 'None'
[0.700s] Level 5:colcon.colcon_core.verb:set package 'line_follower_pkg' build argument 'cmake_target' from command line to 'None'
[0.700s] Level 5:colcon.colcon_core.verb:set package 'line_follower_pkg' build argument 'cmake_target_skip_unavailable' from command line to 'False'
[0.700s] Level 5:colcon.colcon_core.verb:set package 'line_follower_pkg' build argument 'cmake_clean_cache' from command line to 'False'
[0.700s] Level 5:colcon.colcon_core.verb:set package 'line_follower_pkg' build argument 'cmake_clean_first' from command line to 'False'
[0.700s] Level 5:colcon.colcon_core.verb:set package 'line_follower_pkg' build argument 'cmake_force_configure' from command line to 'False'
[0.700s] Level 5:colcon.colcon_core.verb:set package 'line_follower_pkg' build argument 'ament_cmake_args' from command line to 'None'
[0.700s] Level 5:colcon.colcon_core.verb:set package 'line_follower_pkg' build argument 'catkin_cmake_args' from command line to 'None'
[0.700s] Level 5:colcon.colcon_core.verb:set package 'line_follower_pkg' build argument 'catkin_skip_building_tests' from command line to 'False'
[0.700s] DEBUG:colcon.colcon_core.verb:Building package 'line_follower_pkg' with the following arguments: {'ament_cmake_args': None, 'build_base': '/home/vignesh/turtlebot3_ws/build/line_follower_pkg', 'catkin_cmake_args': None, 'catkin_skip_building_tests': False, 'cmake_args': None, 'cmake_clean_cache': False, 'cmake_clean_first': False, 'cmake_force_configure': False, 'cmake_target': None, 'cmake_target_skip_unavailable': False, 'install_base': '/home/vignesh/turtlebot3_ws/install/line_follower_pkg', 'merge_install': False, 'path': '/home/vignesh/turtlebot3_ws/src/line_follower_pkg', 'symlink_install': False, 'test_result_base': None}
[0.701s] Level 5:colcon.colcon_core.verb:set package 'my_worlds' build argument 'cmake_args' from command line to 'None'
[0.701s] Level 5:colcon.colcon_core.verb:set package 'my_worlds' build argument 'cmake_target' from command line to 'None'
[0.701s] Level 5:colcon.colcon_core.verb:set package 'my_worlds' build argument 'cmake_target_skip_unavailable' from command line to 'False'
[0.701s] Level 5:colcon.colcon_core.verb:set package 'my_worlds' build argument 'cmake_clean_cache' from command line to 'False'
[0.701s] Level 5:colcon.colcon_core.verb:set package 'my_worlds' build argument 'cmake_clean_first' from command line to 'False'
[0.701s] Level 5:colcon.colcon_core.verb:set package 'my_worlds' build argument 'cmake_force_configure' from command line to 'False'
[0.701s] Level 5:colcon.colcon_core.verb:set package 'my_worlds' build argument 'ament_cmake_args' from command line to 'None'
[0.701s] Level 5:colcon.colcon_core.verb:set package 'my_worlds' build argument 'catkin_cmake_args' from command line to 'None'
[0.701s] Level 5:colcon.colcon_core.verb:set package 'my_worlds' build argument 'catkin_skip_building_tests' from command line to 'False'
[0.701s] DEBUG:colcon.colcon_core.verb:Building package 'my_worlds' with the following arguments: {'ament_cmake_args': None, 'build_base': '/home/vignesh/turtlebot3_ws/build/my_worlds', 'catkin_cmake_args': None, 'catkin_skip_building_tests': False, 'cmake_args': None, 'cmake_clean_cache': False, 'cmake_clean_first': False, 'cmake_force_configure': False, 'cmake_target': None, 'cmake_target_skip_unavailable': False, 'install_base': '/home/vignesh/turtlebot3_ws/install/my_worlds', 'merge_install': False, 'path': '/home/vignesh/turtlebot3_ws/src/my_worlds', 'symlink_install': False, 'test_result_base': None}
[0.701s] INFO:colcon.colcon_core.executor:Executing jobs using 'parallel' executor
[0.703s] DEBUG:colcon.colcon_parallel_executor.executor.parallel:run_until_complete
[0.704s] INFO:colcon.colcon_ros.task.ament_python.build:Building ROS package in '/home/vignesh/turtlebot3_ws/src/line_follower_pkg' with build type 'ament_python'
[0.704s] Level 1:colcon.colcon_core.shell:create_environment_hook('line_follower_pkg', 'ament_prefix_path')
[0.706s] INFO:colcon.colcon_core.plugin_system:Skipping extension 'colcon_core.shell.bat': Not used on non-Windows systems
[0.707s] INFO:colcon.colcon_core.shell:Creating environment hook '/home/vignesh/turtlebot3_ws/install/line_follower_pkg/share/line_follower_pkg/hook/ament_prefix_path.ps1'
[0.708s] INFO:colcon.colcon_core.shell:Creating environment descriptor '/home/vignesh/turtlebot3_ws/install/line_follower_pkg/share/line_follower_pkg/hook/ament_prefix_path.dsv'
[0.708s] INFO:colcon.colcon_core.shell:Creating environment hook '/home/vignesh/turtlebot3_ws/install/line_follower_pkg/share/line_follower_pkg/hook/ament_prefix_path.sh'
[0.709s] INFO:colcon.colcon_core.shell:Skip shell extension 'powershell' for command environment: Not usable outside of PowerShell
[0.709s] DEBUG:colcon.colcon_core.shell:Skip shell extension 'dsv' for command environment
[0.713s] INFO:colcon.colcon_ros.task.ament_cmake.build:Building ROS package in '/home/vignesh/turtlebot3_ws/src/my_worlds' with build type 'ament_cmake'
[0.714s] INFO:colcon.colcon_cmake.task.cmake.build:Building CMake package in '/home/vignesh/turtlebot3_ws/src/my_worlds'
[0.714s] INFO:colcon.colcon_core.shell:Skip shell extension 'powershell' for command environment: Not usable outside of PowerShell
[0.714s] DEBUG:colcon.colcon_core.shell:Skip shell extension 'dsv' for command environment
[0.980s] INFO:colcon.colcon_core.task.python.build:Building Python package in '/home/vignesh/turtlebot3_ws/src/line_follower_pkg'
[0.980s] INFO:colcon.colcon_core.shell:Skip shell extension 'powershell' for command environment: Not usable outside of PowerShell
[0.980s] DEBUG:colcon.colcon_core.shell:Skip shell extension 'dsv' for command environment
[0.991s] DEBUG:colcon.colcon_core.event_handler.log_command:Invoking command in '/home/vignesh/turtlebot3_ws/build/my_worlds': CMAKE_PREFIX_PATH=${CMAKE_PREFIX_PATH}:/home/vignesh/turtlebot3_ws/install/line_follower_pkg:/home/vignesh/ros2_ws/install/turtlebot3_autorace_mission:/home/vignesh/ros2_ws/install/turtlebot3_autorace_detect:/home/vignesh/ros2_ws/install/turtlebot3_autorace_camera:/home/vignesh/ros2_ws/install/tb3_line_follower:/opt/ros/humble /usr/bin/cmake --build /home/vignesh/turtlebot3_ws/build/my_worlds -- -j16 -l16
[1.032s] DEBUG:colcon.colcon_core.event_handler.log_command:Invoked command in '/home/vignesh/turtlebot3_ws/build/my_worlds' returned '0': CMAKE_PREFIX_PATH=${CMAKE_PREFIX_PATH}:/home/vignesh/turtlebot3_ws/install/line_follower_pkg:/home/vignesh/ros2_ws/install/turtlebot3_autorace_mission:/home/vignesh/ros2_ws/install/turtlebot3_autorace_detect:/home/vignesh/ros2_ws/install/turtlebot3_autorace_camera:/home/vignesh/ros2_ws/install/tb3_line_follower:/opt/ros/humble /usr/bin/cmake --build /home/vignesh/turtlebot3_ws/build/my_worlds -- -j16 -l16
[1.042s] DEBUG:colcon.colcon_core.event_handler.log_command:Invoking command in '/home/vignesh/turtlebot3_ws/build/my_worlds': CMAKE_PREFIX_PATH=${CMAKE_PREFIX_PATH}:/home/vignesh/turtlebot3_ws/install/line_follower_pkg:/home/vignesh/ros2_ws/install/turtlebot3_autorace_mission:/home/vignesh/ros2_ws/install/turtlebot3_autorace_detect:/home/vignesh/ros2_ws/install/turtlebot3_autorace_camera:/home/vignesh/ros2_ws/install/tb3_line_follower:/opt/ros/humble /usr/bin/cmake --install /home/vignesh/turtlebot3_ws/build/my_worlds
[1.052s] Level 1:colcon.colcon_core.environment:create_environment_scripts_only(my_worlds)
[1.052s] DEBUG:colcon.colcon_core.event_handler.log_command:Invoked command in '/home/vignesh/turtlebot3_ws/build/my_worlds' returned '0': CMAKE_PREFIX_PATH=${CMAKE_PREFIX_PATH}:/home/vignesh/turtlebot3_ws/install/line_follower_pkg:/home/vignesh/ros2_ws/install/turtlebot3_autorace_mission:/home/vignesh/ros2_ws/install/turtlebot3_autorace_detect:/home/vignesh/ros2_ws/install/turtlebot3_autorace_camera:/home/vignesh/ros2_ws/install/tb3_line_follower:/opt/ros/humble /usr/bin/cmake --install /home/vignesh/turtlebot3_ws/build/my_worlds
[1.055s] Level 1:colcon.colcon_core.environment:checking '/home/vignesh/turtlebot3_ws/install/my_worlds' for CMake module files
[1.056s] Level 1:colcon.colcon_core.environment:checking '/home/vignesh/turtlebot3_ws/install/my_worlds' for CMake config files
[1.056s] Level 1:colcon.colcon_core.shell:create_environment_hook('my_worlds', 'cmake_prefix_path')
[1.056s] INFO:colcon.colcon_core.shell:Creating environment hook '/home/vignesh/turtlebot3_ws/install/my_worlds/share/my_worlds/hook/cmake_prefix_path.ps1'
[1.057s] INFO:colcon.colcon_core.shell:Creating environment descriptor '/home/vignesh/turtlebot3_ws/install/my_worlds/share/my_worlds/hook/cmake_prefix_path.dsv'
[1.057s] INFO:colcon.colcon_core.shell:Creating environment hook '/home/vignesh/turtlebot3_ws/install/my_worlds/share/my_worlds/hook/cmake_prefix_path.sh'
[1.058s] Level 1:colcon.colcon_core.environment:checking '/home/vignesh/turtlebot3_ws/install/my_worlds/bin'
[1.058s] Level 1:colcon.colcon_core.environment:checking '/home/vignesh/turtlebot3_ws/install/my_worlds/lib/pkgconfig/my_worlds.pc'
[1.059s] Level 1:colcon.colcon_core.environment:checking '/home/vignesh/turtlebot3_ws/install/my_worlds/lib/python3.10/site-packages'
[1.059s] Level 1:colcon.colcon_core.environment:checking '/home/vignesh/turtlebot3_ws/install/my_worlds/bin'
[1.059s] INFO:colcon.colcon_core.shell:Creating package script '/home/vignesh/turtlebot3_ws/install/my_worlds/share/my_worlds/package.ps1'
[1.060s] INFO:colcon.colcon_core.shell:Creating package descriptor '/home/vignesh/turtlebot3_ws/install/my_worlds/share/my_worlds/package.dsv'
[1.061s] INFO:colcon.colcon_core.shell:Creating package script '/home/vignesh/turtlebot3_ws/install/my_worlds/share/my_worlds/package.sh'
[1.062s] INFO:colcon.colcon_core.shell:Creating package script '/home/vignesh/turtlebot3_ws/install/my_worlds/share/my_worlds/package.bash'
[1.063s] INFO:colcon.colcon_core.shell:Creating package script '/home/vignesh/turtlebot3_ws/install/my_worlds/share/my_worlds/package.zsh'
[1.064s] Level 1:colcon.colcon_core.environment:create_file_with_runtime_dependencies(/home/vignesh/turtlebot3_ws/install/my_worlds/share/colcon-core/packages/my_worlds)
[1.065s] Level 1:colcon.colcon_core.environment:create_environment_scripts_only(my_worlds)
[1.065s] Level 1:colcon.colcon_core.environment:checking '/home/vignesh/turtlebot3_ws/install/my_worlds' for CMake module files
[1.065s] Level 1:colcon.colcon_core.environment:checking '/home/vignesh/turtlebot3_ws/install/my_worlds' for CMake config files
[1.066s] Level 1:colcon.colcon_core.shell:create_environment_hook('my_worlds', 'cmake_prefix_path')
[1.066s] INFO:colcon.colcon_core.shell:Creating environment hook '/home/vignesh/turtlebot3_ws/install/my_worlds/share/my_worlds/hook/cmake_prefix_path.ps1'
[1.066s] INFO:colcon.colcon_core.shell:Creating environment descriptor '/home/vignesh/turtlebot3_ws/install/my_worlds/share/my_worlds/hook/cmake_prefix_path.dsv'
[1.066s] INFO:colcon.colcon_core.shell:Creating environment hook '/home/vignesh/turtlebot3_ws/install/my_worlds/share/my_worlds/hook/cmake_prefix_path.sh'
[1.067s] Level 1:colcon.colcon_core.environment:checking '/home/vignesh/turtlebot3_ws/install/my_worlds/bin'
[1.067s] Level 1:colcon.colcon_core.environment:checking '/home/vignesh/turtlebot3_ws/install/my_worlds/lib/pkgconfig/my_worlds.pc'
[1.067s] Level 1:colcon.colcon_core.environment:checking '/home/vignesh/turtlebot3_ws/install/my_worlds/lib/python3.10/site-packages'
[1.068s] Level 1:colcon.colcon_core.environment:checking '/home/vignesh/turtlebot3_ws/install/my_worlds/bin'
[1.068s] INFO:colcon.colcon_core.shell:Creating package script '/home/vignesh/turtlebot3_ws/install/my_worlds/share/my_worlds/package.ps1'
[1.069s] INFO:colcon.colcon_core.shell:Creating package descriptor '/home/vignesh/turtlebot3_ws/install/my_worlds/share/my_worlds/package.dsv'
[1.070s] INFO:colcon.colcon_core.shell:Creating package script '/home/vignesh/turtlebot3_ws/install/my_worlds/share/my_worlds/package.sh'
[1.071s] INFO:colcon.colcon_core.shell:Creating package script '/home/vignesh/turtlebot3_ws/install/my_worlds/share/my_worlds/package.bash'
[1.071s] INFO:colcon.colcon_core.shell:Creating package script '/home/vignesh/turtlebot3_ws/install/my_worlds/share/my_worlds/package.zsh'
[1.071s] Level 1:colcon.colcon_core.environment:create_file_with_runtime_dependencies(/home/vignesh/turtlebot3_ws/install/my_worlds/share/colcon-core/packages/my_worlds)
[1.359s] DEBUG:colcon.colcon_core.event_handler.log_command:Invoking command in '/home/vignesh/turtlebot3_ws/src/line_follower_pkg': PYTHONPATH=/home/vignesh/turtlebot3_ws/build/line_follower_pkg/prefix_override:/usr/lib/python3/dist-packages/colcon_core/task/python/colcon_distutils_commands:/home/vignesh/turtlebot3_ws/install/line_follower_pkg/lib/python3.10/site-packages:${PYTHONPATH} /usr/bin/python3 -W ignore:setup.py install is deprecated -W ignore:easy_install command is deprecated setup.py egg_info --egg-base ../../build/line_follower_pkg build --build-base /home/vignesh/turtlebot3_ws/build/line_follower_pkg/build install --record /home/vignesh/turtlebot3_ws/build/line_follower_pkg/install.log --single-version-externally-managed install_data
[1.657s] Level 1:colcon.colcon_core.environment:checking '/home/vignesh/turtlebot3_ws/install/line_follower_pkg' for CMake module files
[1.658s] DEBUG:colcon.colcon_core.event_handler.log_command:Invoked command in '/home/vignesh/turtlebot3_ws/src/line_follower_pkg' returned '0': PYTHONPATH=/home/vignesh/turtlebot3_ws/build/line_follower_pkg/prefix_override:/usr/lib/python3/dist-packages/colcon_core/task/python/colcon_distutils_commands:/home/vignesh/turtlebot3_ws/install/line_follower_pkg/lib/python3.10/site-packages:${PYTHONPATH} /usr/bin/python3 -W ignore:setup.py install is deprecated -W ignore:easy_install command is deprecated setup.py egg_info --egg-base ../../build/line_follower_pkg build --build-base /home/vignesh/turtlebot3_ws/build/line_follower_pkg/build install --record /home/vignesh/turtlebot3_ws/build/line_follower_pkg/install.log --single-version-externally-managed install_data
[1.658s] Level 1:colcon.colcon_core.environment:checking '/home/vignesh/turtlebot3_ws/install/line_follower_pkg' for CMake config files
[1.659s] Level 1:colcon.colcon_core.environment:checking '/home/vignesh/turtlebot3_ws/install/line_follower_pkg/lib'
[1.659s] Level 1:colcon.colcon_core.environment:checking '/home/vignesh/turtlebot3_ws/install/line_follower_pkg/bin'
[1.659s] Level 1:colcon.colcon_core.environment:checking '/home/vignesh/turtlebot3_ws/install/line_follower_pkg/lib/pkgconfig/line_follower_pkg.pc'
[1.660s] Level 1:colcon.colcon_core.environment:checking '/home/vignesh/turtlebot3_ws/install/line_follower_pkg/lib/python3.10/site-packages'
[1.660s] Level 1:colcon.colcon_core.shell:create_environment_hook('line_follower_pkg', 'pythonpath')
[1.660s] INFO:colcon.colcon_core.shell:Creating environment hook '/home/vignesh/turtlebot3_ws/install/line_follower_pkg/share/line_follower_pkg/hook/pythonpath.ps1'
[1.660s] INFO:colcon.colcon_core.shell:Creating environment descriptor '/home/vignesh/turtlebot3_ws/install/line_follower_pkg/share/line_follower_pkg/hook/pythonpath.dsv'
[1.661s] INFO:colcon.colcon_core.shell:Creating environment hook '/home/vignesh/turtlebot3_ws/install/line_follower_pkg/share/line_follower_pkg/hook/pythonpath.sh'
[1.661s] Level 1:colcon.colcon_core.environment:checking '/home/vignesh/turtlebot3_ws/install/line_follower_pkg/bin'
[1.661s] Level 1:colcon.colcon_core.environment:create_environment_scripts_only(line_follower_pkg)
[1.661s] INFO:colcon.colcon_core.shell:Creating package script '/home/vignesh/turtlebot3_ws/install/line_follower_pkg/share/line_follower_pkg/package.ps1'
[1.662s] INFO:colcon.colcon_core.shell:Creating package descriptor '/home/vignesh/turtlebot3_ws/install/line_follower_pkg/share/line_follower_pkg/package.dsv'
[1.662s] INFO:colcon.colcon_core.shell:Creating package script '/home/vignesh/turtlebot3_ws/install/line_follower_pkg/share/line_follower_pkg/package.sh'
[1.663s] INFO:colcon.colcon_core.shell:Creating package script '/home/vignesh/turtlebot3_ws/install/line_follower_pkg/share/line_follower_pkg/package.bash'
[1.663s] INFO:colcon.colcon_core.shell:Creating package script '/home/vignesh/turtlebot3_ws/install/line_follower_pkg/share/line_follower_pkg/package.zsh'
[1.663s] Level 1:colcon.colcon_core.environment:create_file_with_runtime_dependencies(/home/vignesh/turtlebot3_ws/install/line_follower_pkg/share/colcon-core/packages/line_follower_pkg)
[1.664s] DEBUG:colcon.colcon_parallel_executor.executor.parallel:closing loop
[1.664s] DEBUG:colcon.colcon_parallel_executor.executor.parallel:loop closed
[1.664s] DEBUG:colcon.colcon_parallel_executor.executor.parallel:run_until_complete finished with '0'
[1.664s] DEBUG:colcon.colcon_core.event_reactor:joining thread
[1.768s] INFO:colcon.colcon_core.plugin_system:Skipping extension 'colcon_notification.desktop_notification.notify_send': Could not find 'notify-send'
[1.768s] INFO:colcon.colcon_core.plugin_system:Skipping extension 'colcon_notification.desktop_notification.terminal_notifier': Not used on non-Darwin systems
[1.768s] INFO:colcon.colcon_core.plugin_system:Skipping extension 'colcon_notification.desktop_notification.win32': Not used on non-Windows systems
[1.768s] INFO:colcon.colcon_notification.desktop_notification:Sending desktop notification using 'notify2'
[1.770s] DEBUG:colcon.colcon_notification.desktop_notification.notify2:Failed to initialize notify2: org.freedesktop.DBus.Error.ServiceUnknown: The name org.freedesktop.Notifications was not provided by any .service files
[1.770s] DEBUG:colcon.colcon_core.event_reactor:joined thread
[1.770s] INFO:colcon.colcon_core.shell:Creating prefix script '/home/vignesh/turtlebot3_ws/install/local_setup.ps1'
[1.771s] INFO:colcon.colcon_core.shell:Creating prefix util module '/home/vignesh/turtlebot3_ws/install/_local_setup_util_ps1.py'
[1.772s] INFO:colcon.colcon_core.shell:Creating prefix chain script '/home/vignesh/turtlebot3_ws/install/setup.ps1'
[1.773s] INFO:colcon.colcon_core.shell:Creating prefix script '/home/vignesh/turtlebot3_ws/install/local_setup.sh'
[1.774s] INFO:colcon.colcon_core.shell:Creating prefix util module '/home/vignesh/turtlebot3_ws/install/_local_setup_util_sh.py'
[1.775s] INFO:colcon.colcon_core.shell:Creating prefix chain script '/home/vignesh/turtlebot3_ws/install/setup.sh'
[1.776s] INFO:colcon.colcon_core.shell:Creating prefix script '/home/vignesh/turtlebot3_ws/install/local_setup.bash'
[1.777s] INFO:colcon.colcon_core.shell:Creating prefix chain script '/home/vignesh/turtlebot3_ws/install/setup.bash'
[1.778s] INFO:colcon.colcon_core.shell:Creating prefix script '/home/vignesh/turtlebot3_ws/install/local_setup.zsh'
[1.778s] INFO:colcon.colcon_core.shell:Creating prefix chain script '/home/vignesh/turtlebot3_ws/install/setup.zsh'
