running egg_info
creating ../../build/line_follower_pkg/line_follower_pkg.egg-info
writing ../../build/line_follower_pkg/line_follower_pkg.egg-info/PKG-INFO
writing dependency_links to ../../build/line_follower_pkg/line_follower_pkg.egg-info/dependency_links.txt
writing entry points to ../../build/line_follower_pkg/line_follower_pkg.egg-info/entry_points.txt
writing requirements to ../../build/line_follower_pkg/line_follower_pkg.egg-info/requires.txt
writing top-level names to ../../build/line_follower_pkg/line_follower_pkg.egg-info/top_level.txt
writing manifest file '../../build/line_follower_pkg/line_follower_pkg.egg-info/SOURCES.txt'
reading manifest file '../../build/line_follower_pkg/line_follower_pkg.egg-info/SOURCES.txt'
writing manifest file '../../build/line_follower_pkg/line_follower_pkg.egg-info/SOURCES.txt'
running build
running build_py
creating /home/vignesh/turtlebot3_ws/build/line_follower_pkg/build
creating /home/vignesh/turtlebot3_ws/build/line_follower_pkg/build/lib
creating /home/vignesh/turtlebot3_ws/build/line_follower_pkg/build/lib/line_follower_pkg
copying line_follower_pkg/__init__.py -> /home/vignesh/turtlebot3_ws/build/line_follower_pkg/build/lib/line_follower_pkg
copying line_follower_pkg/line_follower.py -> /home/vignesh/turtlebot3_ws/build/line_follower_pkg/build/lib/line_follower_pkg
running install
running install_lib
creating /home/vignesh/turtlebot3_ws/install/line_follower_pkg/lib/python3.10/site-packages/line_follower_pkg
copying /home/vignesh/turtlebot3_ws/build/line_follower_pkg/build/lib/line_follower_pkg/__init__.py -> /home/vignesh/turtlebot3_ws/install/line_follower_pkg/lib/python3.10/site-packages/line_follower_pkg
copying /home/vignesh/turtlebot3_ws/build/line_follower_pkg/build/lib/line_follower_pkg/line_follower.py -> /home/vignesh/turtlebot3_ws/install/line_follower_pkg/lib/python3.10/site-packages/line_follower_pkg
byte-compiling /home/vignesh/turtlebot3_ws/install/line_follower_pkg/lib/python3.10/site-packages/line_follower_pkg/__init__.py to __init__.cpython-310.pyc
byte-compiling /home/vignesh/turtlebot3_ws/install/line_follower_pkg/lib/python3.10/site-packages/line_follower_pkg/line_follower.py to line_follower.cpython-310.pyc
running install_data
creating /home/vignesh/turtlebot3_ws/install/line_follower_pkg/share/ament_index
creating /home/vignesh/turtlebot3_ws/install/line_follower_pkg/share/ament_index/resource_index
creating /home/vignesh/turtlebot3_ws/install/line_follower_pkg/share/ament_index/resource_index/packages
copying resource/line_follower_pkg -> /home/vignesh/turtlebot3_ws/install/line_follower_pkg/share/ament_index/resource_index/packages
copying package.xml -> /home/vignesh/turtlebot3_ws/install/line_follower_pkg/share/line_follower_pkg
running install_egg_info
Copying ../../build/line_follower_pkg/line_follower_pkg.egg-info to /home/vignesh/turtlebot3_ws/install/line_follower_pkg/lib/python3.10/site-packages/line_follower_pkg-0.0.0-py3.10.egg-info
running install_scripts
Installing line_follower script to /home/vignesh/turtlebot3_ws/install/line_follower_pkg/lib/line_follower_pkg
writing list of installed files to '/home/vignesh/turtlebot3_ws/build/line_follower_pkg/install.log'
