[0.475s] Invoking command in '/home/vignesh/turtlebot3_ws/src/line_follower_pkg': PYTHONPATH=/home/vignesh/turtlebot3_ws/build/line_follower_pkg/prefix_override:/usr/lib/python3/dist-packages/colcon_core/task/python/colcon_distutils_commands:/home/vignesh/turtlebot3_ws/install/line_follower_pkg/lib/python3.10/site-packages:${PYTHONPATH} /usr/bin/python3 -W ignore:setup.py install is deprecated -W ignore:easy_install command is deprecated setup.py egg_info --egg-base ../../build/line_follower_pkg build --build-base /home/vignesh/turtlebot3_ws/build/line_follower_pkg/build install --record /home/vignesh/turtlebot3_ws/build/line_follower_pkg/install.log --single-version-externally-managed install_data
[0.626s] running egg_info
[0.626s] creating ../../build/line_follower_pkg/line_follower_pkg.egg-info
[0.627s] writing ../../build/line_follower_pkg/line_follower_pkg.egg-info/PKG-INFO
[0.627s] writing dependency_links to ../../build/line_follower_pkg/line_follower_pkg.egg-info/dependency_links.txt
[0.627s] writing entry points to ../../build/line_follower_pkg/line_follower_pkg.egg-info/entry_points.txt
[0.627s] writing requirements to ../../build/line_follower_pkg/line_follower_pkg.egg-info/requires.txt
[0.627s] writing top-level names to ../../build/line_follower_pkg/line_follower_pkg.egg-info/top_level.txt
[0.628s] writing manifest file '../../build/line_follower_pkg/line_follower_pkg.egg-info/SOURCES.txt'
[0.629s] reading manifest file '../../build/line_follower_pkg/line_follower_pkg.egg-info/SOURCES.txt'
[0.629s] writing manifest file '../../build/line_follower_pkg/line_follower_pkg.egg-info/SOURCES.txt'
[0.629s] running build
[0.629s] running build_py
[0.629s] creating /home/vignesh/turtlebot3_ws/build/line_follower_pkg/build
[0.630s] creating /home/vignesh/turtlebot3_ws/build/line_follower_pkg/build/lib
[0.630s] creating /home/vignesh/turtlebot3_ws/build/line_follower_pkg/build/lib/line_follower_pkg
[0.630s] copying line_follower_pkg/__init__.py -> /home/vignesh/turtlebot3_ws/build/line_follower_pkg/build/lib/line_follower_pkg
[0.631s] copying line_follower_pkg/line_follower.py -> /home/vignesh/turtlebot3_ws/build/line_follower_pkg/build/lib/line_follower_pkg
[0.631s] running install
[0.631s] running install_lib
[0.632s] creating /home/vignesh/turtlebot3_ws/install/line_follower_pkg/lib/python3.10/site-packages/line_follower_pkg
[0.632s] copying /home/vignesh/turtlebot3_ws/build/line_follower_pkg/build/lib/line_follower_pkg/__init__.py -> /home/vignesh/turtlebot3_ws/install/line_follower_pkg/lib/python3.10/site-packages/line_follower_pkg
[0.632s] copying /home/vignesh/turtlebot3_ws/build/line_follower_pkg/build/lib/line_follower_pkg/line_follower.py -> /home/vignesh/turtlebot3_ws/install/line_follower_pkg/lib/python3.10/site-packages/line_follower_pkg
[0.632s] byte-compiling /home/vignesh/turtlebot3_ws/install/line_follower_pkg/lib/python3.10/site-packages/line_follower_pkg/__init__.py to __init__.cpython-310.pyc
[0.633s] byte-compiling /home/vignesh/turtlebot3_ws/install/line_follower_pkg/lib/python3.10/site-packages/line_follower_pkg/line_follower.py to line_follower.cpython-310.pyc
[0.633s] running install_data
[0.633s] creating /home/vignesh/turtlebot3_ws/install/line_follower_pkg/share/ament_index
[0.633s] creating /home/vignesh/turtlebot3_ws/install/line_follower_pkg/share/ament_index/resource_index
[0.634s] creating /home/vignesh/turtlebot3_ws/install/line_follower_pkg/share/ament_index/resource_index/packages
[0.634s] copying resource/line_follower_pkg -> /home/vignesh/turtlebot3_ws/install/line_follower_pkg/share/ament_index/resource_index/packages
[0.634s] copying package.xml -> /home/vignesh/turtlebot3_ws/install/line_follower_pkg/share/line_follower_pkg
[0.634s] running install_egg_info
[0.636s] Copying ../../build/line_follower_pkg/line_follower_pkg.egg-info to /home/vignesh/turtlebot3_ws/install/line_follower_pkg/lib/python3.10/site-packages/line_follower_pkg-0.0.0-py3.10.egg-info
[0.637s] running install_scripts
[0.651s] Installing line_follower script to /home/vignesh/turtlebot3_ws/install/line_follower_pkg/lib/line_follower_pkg
[0.651s] writing list of installed files to '/home/vignesh/turtlebot3_ws/build/line_follower_pkg/install.log'
[0.668s] Invoked command in '/home/vignesh/turtlebot3_ws/src/line_follower_pkg' returned '0': PYTHONPATH=/home/vignesh/turtlebot3_ws/build/line_follower_pkg/prefix_override:/usr/lib/python3/dist-packages/colcon_core/task/python/colcon_distutils_commands:/home/vignesh/turtlebot3_ws/install/line_follower_pkg/lib/python3.10/site-packages:${PYTHONPATH} /usr/bin/python3 -W ignore:setup.py install is deprecated -W ignore:easy_install command is deprecated setup.py egg_info --egg-base ../../build/line_follower_pkg build --build-base /home/vignesh/turtlebot3_ws/build/line_follower_pkg/build install --record /home/vignesh/turtlebot3_ws/build/line_follower_pkg/install.log --single-version-externally-managed install_data
