[0.017s] Invoking command in '/home/vignesh/turtlebot3_ws/build/my_worlds': CMAKE_PREFIX_PATH=${CMAKE_PREFIX_PATH}:/home/vignesh/ros2_ws/install/turtlebot3_autorace_mission:/home/vignesh/ros2_ws/install/turtlebot3_autorace_detect:/home/vignesh/ros2_ws/install/turtlebot3_autorace_camera:/home/vignesh/ros2_ws/install/tb3_line_follower:/opt/ros/humble /usr/bin/cmake --build /home/vignesh/turtlebot3_ws/build/my_worlds -- -j16 -l16
[0.040s] -- Found ament_cmake: 1.3.12 (/opt/ros/humble/share/ament_cmake/cmake)
[0.169s] -- Found ament_lint_auto: 0.12.14 (/opt/ros/humble/share/ament_lint_auto/cmake)
[0.230s] -- Added test 'flake8' to check Python code syntax and style conventions
[0.230s] -- Added test 'lint_cmake' to check CMake code style
[0.230s] -- Added test 'pep257' to check Python code against some of the docstring style conventions in PEP 257
[0.231s] -- Added test 'xmllint' to check XML markup files
[0.231s] -- Configuring done
[0.234s] -- Generating done
[0.235s] -- Build files have been written to: /home/vignesh/turtlebot3_ws/build/my_worlds
[0.253s] Invoked command in '/home/vignesh/turtlebot3_ws/build/my_worlds' returned '0': CMAKE_PREFIX_PATH=${CMAKE_PREFIX_PATH}:/home/vignesh/ros2_ws/install/turtlebot3_autorace_mission:/home/vignesh/ros2_ws/install/turtlebot3_autorace_detect:/home/vignesh/ros2_ws/install/turtlebot3_autorace_camera:/home/vignesh/ros2_ws/install/tb3_line_follower:/opt/ros/humble /usr/bin/cmake --build /home/vignesh/turtlebot3_ws/build/my_worlds -- -j16 -l16
[0.261s] Invoking command in '/home/vignesh/turtlebot3_ws/build/my_worlds': CMAKE_PREFIX_PATH=${CMAKE_PREFIX_PATH}:/home/vignesh/ros2_ws/install/turtlebot3_autorace_mission:/home/vignesh/ros2_ws/install/turtlebot3_autorace_detect:/home/vignesh/ros2_ws/install/turtlebot3_autorace_camera:/home/vignesh/ros2_ws/install/tb3_line_follower:/opt/ros/humble /usr/bin/cmake --install /home/vignesh/turtlebot3_ws/build/my_worlds
[0.267s] -- Install configuration: ""
[0.267s] -- Installing: /home/vignesh/turtlebot3_ws/install/my_worlds/share/ament_index/resource_index/package_run_dependencies/my_worlds
[0.267s] -- Installing: /home/vignesh/turtlebot3_ws/install/my_worlds/share/ament_index/resource_index/parent_prefix_path/my_worlds
[0.267s] -- Up-to-date: /home/vignesh/turtlebot3_ws/install/my_worlds/share/my_worlds/environment/ament_prefix_path.sh
[0.268s] -- Installing: /home/vignesh/turtlebot3_ws/install/my_worlds/share/my_worlds/environment/ament_prefix_path.dsv
[0.268s] -- Up-to-date: /home/vignesh/turtlebot3_ws/install/my_worlds/share/my_worlds/environment/path.sh
[0.268s] -- Installing: /home/vignesh/turtlebot3_ws/install/my_worlds/share/my_worlds/environment/path.dsv
[0.268s] -- Up-to-date: /home/vignesh/turtlebot3_ws/install/my_worlds/share/my_worlds/local_setup.bash
[0.268s] -- Up-to-date: /home/vignesh/turtlebot3_ws/install/my_worlds/share/my_worlds/local_setup.sh
[0.268s] -- Up-to-date: /home/vignesh/turtlebot3_ws/install/my_worlds/share/my_worlds/local_setup.zsh
[0.268s] -- Installing: /home/vignesh/turtlebot3_ws/install/my_worlds/share/my_worlds/local_setup.dsv
[0.268s] -- Installing: /home/vignesh/turtlebot3_ws/install/my_worlds/share/my_worlds/package.dsv
[0.268s] -- Up-to-date: /home/vignesh/turtlebot3_ws/install/my_worlds/share/ament_index/resource_index/packages/my_worlds
[0.268s] -- Up-to-date: /home/vignesh/turtlebot3_ws/install/my_worlds/share/my_worlds/cmake/my_worldsConfig.cmake
[0.268s] -- Up-to-date: /home/vignesh/turtlebot3_ws/install/my_worlds/share/my_worlds/cmake/my_worldsConfig-version.cmake
[0.268s] -- Installing: /home/vignesh/turtlebot3_ws/install/my_worlds/share/my_worlds/package.xml
[0.268s] -- Installing: /home/vignesh/turtlebot3_ws/install/my_worlds/share/my_worlds/launch
[0.269s] -- Installing: /home/vignesh/turtlebot3_ws/install/my_worlds/share/my_worlds/launch/line_world.launch.py
[0.269s] -- Installing: /home/vignesh/turtlebot3_ws/install/my_worlds/share/my_worlds/worlds
[0.269s] -- Installing: /home/vignesh/turtlebot3_ws/install/my_worlds/share/my_worlds/worlds/line_world.world
[0.271s] Invoked command in '/home/vignesh/turtlebot3_ws/build/my_worlds' returned '0': CMAKE_PREFIX_PATH=${CMAKE_PREFIX_PATH}:/home/vignesh/ros2_ws/install/turtlebot3_autorace_mission:/home/vignesh/ros2_ws/install/turtlebot3_autorace_detect:/home/vignesh/ros2_ws/install/turtlebot3_autorace_camera:/home/vignesh/ros2_ws/install/tb3_line_follower:/opt/ros/humble /usr/bin/cmake --install /home/vignesh/turtlebot3_ws/build/my_worlds
