[0.014s] Invoking command in '/home/vignesh/turtlebot3_ws/build/my_worlds': CMAKE_PREFIX_PATH=${CMAKE_PREFIX_PATH}:/home/vignesh/ros2_ws/install/turtlebot3_autorace_mission:/home/vignesh/ros2_ws/install/turtlebot3_autorace_detect:/home/vignesh/ros2_ws/install/turtlebot3_autorace_camera:/home/vignesh/ros2_ws/install/tb3_line_follower:/opt/ros/humble /usr/bin/cmake /home/vignesh/turtlebot3_ws/src/my_worlds -DCMAKE_INSTALL_PREFIX=/home/vignesh/turtlebot3_ws/install/my_worlds
[0.287s] -- The C compiler identification is GNU 11.4.0
[1.566s] -- The CXX compiler identification is GNU 11.4.0
[2.446s] -- Detecting C compiler ABI info
[2.754s] -- Detecting C compiler ABI info - done
[2.765s] -- Check for working C compiler: /usr/bin/cc - skipped
[2.766s] -- Detecting C compile features
[2.766s] -- Detecting C compile features - done
[2.771s] -- Detecting CXX compiler ABI info
[3.054s] -- Detecting CXX compiler ABI info - done
[3.060s] -- Check for working CXX compiler: /usr/bin/c++ - skipped
[3.060s] -- Detecting CXX compile features
[3.060s] -- Detecting CXX compile features - done
[3.063s] -- Found ament_cmake: 1.3.12 (/opt/ros/humble/share/ament_cmake/cmake)
[3.211s] -- Found Python3: /usr/bin/python3 (found version "3.10.12") found components: Interpreter 
[3.316s] -- Found ament_lint_auto: 0.12.14 (/opt/ros/humble/share/ament_lint_auto/cmake)
[3.390s] -- Added test 'flake8' to check Python code syntax and style conventions
[3.391s] -- Added test 'lint_cmake' to check CMake code style
[3.392s] -- Added test 'pep257' to check Python code against some of the docstring style conventions in PEP 257
[3.393s] -- Added test 'xmllint' to check XML markup files
[3.394s] -- Configuring done
[3.397s] -- Generating done
[3.398s] -- Build files have been written to: /home/vignesh/turtlebot3_ws/build/my_worlds
[3.403s] Invoked command in '/home/vignesh/turtlebot3_ws/build/my_worlds' returned '0': CMAKE_PREFIX_PATH=${CMAKE_PREFIX_PATH}:/home/vignesh/ros2_ws/install/turtlebot3_autorace_mission:/home/vignesh/ros2_ws/install/turtlebot3_autorace_detect:/home/vignesh/ros2_ws/install/turtlebot3_autorace_camera:/home/vignesh/ros2_ws/install/tb3_line_follower:/opt/ros/humble /usr/bin/cmake /home/vignesh/turtlebot3_ws/src/my_worlds -DCMAKE_INSTALL_PREFIX=/home/vignesh/turtlebot3_ws/install/my_worlds
[3.405s] Invoking command in '/home/vignesh/turtlebot3_ws/build/my_worlds': CMAKE_PREFIX_PATH=${CMAKE_PREFIX_PATH}:/home/vignesh/ros2_ws/install/turtlebot3_autorace_mission:/home/vignesh/ros2_ws/install/turtlebot3_autorace_detect:/home/vignesh/ros2_ws/install/turtlebot3_autorace_camera:/home/vignesh/ros2_ws/install/tb3_line_follower:/opt/ros/humble /usr/bin/cmake --build /home/vignesh/turtlebot3_ws/build/my_worlds -- -j16 -l16
[3.436s] Invoked command in '/home/vignesh/turtlebot3_ws/build/my_worlds' returned '0': CMAKE_PREFIX_PATH=${CMAKE_PREFIX_PATH}:/home/vignesh/ros2_ws/install/turtlebot3_autorace_mission:/home/vignesh/ros2_ws/install/turtlebot3_autorace_detect:/home/vignesh/ros2_ws/install/turtlebot3_autorace_camera:/home/vignesh/ros2_ws/install/tb3_line_follower:/opt/ros/humble /usr/bin/cmake --build /home/vignesh/turtlebot3_ws/build/my_worlds -- -j16 -l16
[3.444s] Invoking command in '/home/vignesh/turtlebot3_ws/build/my_worlds': CMAKE_PREFIX_PATH=${CMAKE_PREFIX_PATH}:/home/vignesh/ros2_ws/install/turtlebot3_autorace_mission:/home/vignesh/ros2_ws/install/turtlebot3_autorace_detect:/home/vignesh/ros2_ws/install/turtlebot3_autorace_camera:/home/vignesh/ros2_ws/install/tb3_line_follower:/opt/ros/humble /usr/bin/cmake --install /home/vignesh/turtlebot3_ws/build/my_worlds
[3.450s] -- Install configuration: ""
[3.451s] -- Installing: /home/vignesh/turtlebot3_ws/install/my_worlds/share/ament_index/resource_index/package_run_dependencies/my_worlds
[3.451s] -- Installing: /home/vignesh/turtlebot3_ws/install/my_worlds/share/ament_index/resource_index/parent_prefix_path/my_worlds
[3.451s] -- Installing: /home/vignesh/turtlebot3_ws/install/my_worlds/share/my_worlds/environment/ament_prefix_path.sh
[3.451s] -- Installing: /home/vignesh/turtlebot3_ws/install/my_worlds/share/my_worlds/environment/ament_prefix_path.dsv
[3.452s] -- Installing: /home/vignesh/turtlebot3_ws/install/my_worlds/share/my_worlds/environment/path.sh
[3.452s] -- Installing: /home/vignesh/turtlebot3_ws/install/my_worlds/share/my_worlds/environment/path.dsv
[3.452s] -- Installing: /home/vignesh/turtlebot3_ws/install/my_worlds/share/my_worlds/local_setup.bash
[3.452s] -- Installing: /home/vignesh/turtlebot3_ws/install/my_worlds/share/my_worlds/local_setup.sh
[3.452s] -- Installing: /home/vignesh/turtlebot3_ws/install/my_worlds/share/my_worlds/local_setup.zsh
[3.452s] -- Installing: /home/vignesh/turtlebot3_ws/install/my_worlds/share/my_worlds/local_setup.dsv
[3.452s] -- Installing: /home/vignesh/turtlebot3_ws/install/my_worlds/share/my_worlds/package.dsv
[3.452s] -- Installing: /home/vignesh/turtlebot3_ws/install/my_worlds/share/ament_index/resource_index/packages/my_worlds
[3.453s] -- Installing: /home/vignesh/turtlebot3_ws/install/my_worlds/share/my_worlds/cmake/my_worldsConfig.cmake
[3.453s] -- Installing: /home/vignesh/turtlebot3_ws/install/my_worlds/share/my_worlds/cmake/my_worldsConfig-version.cmake
[3.453s] -- Installing: /home/vignesh/turtlebot3_ws/install/my_worlds/share/my_worlds/package.xml
[3.455s] Invoked command in '/home/vignesh/turtlebot3_ws/build/my_worlds' returned '0': CMAKE_PREFIX_PATH=${CMAKE_PREFIX_PATH}:/home/vignesh/ros2_ws/install/turtlebot3_autorace_mission:/home/vignesh/ros2_ws/install/turtlebot3_autorace_detect:/home/vignesh/ros2_ws/install/turtlebot3_autorace_camera:/home/vignesh/ros2_ws/install/tb3_line_follower:/opt/ros/humble /usr/bin/cmake --install /home/vignesh/turtlebot3_ws/build/my_worlds
